// Jest Snapshot v1, https://goo.gl/fbAQLP

exports[`lib/qti-components/qti-interaction/qti-graphic-order-interaction Default smoke-test 1`] = `
<div id="root-inner">
  <qti-graphic-order-interaction max-choices="0"
                                 response-identifier="RESPONSE1"
  >
    <img src="qti-graphic-order-interaction/uk.png"
         height="280"
         width="206"
    >
    <qti-hotspot-choice coords="78,102,8"
                        identifier="A"
                        shape="circle"
                        role="checkbox"
                        tabindex="0"
                        aria-disabled="false"
                        aria-readonly="false"
                        aria-checked="false"
                        style="left: 33.9806%; top: 32.5451%; height: 15.534px; width: 15.534px; border-radius: 9999px;"
    >
    </qti-hotspot-choice>
    <qti-hotspot-choice coords="117,171,8"
                        identifier="B"
                        shape="circle"
                        role="checkbox"
                        tabindex="0"
                        aria-disabled="false"
                        aria-readonly="false"
                        aria-checked="false"
                        style="left: 52.9126%; top: 57.1879%; height: 15.534px; width: 15.534px; border-radius: 9999px;"
    >
    </qti-hotspot-choice>
    <qti-hotspot-choice coords="166,227,8"
                        identifier="C"
                        shape="circle"
                        role="checkbox"
                        tabindex="0"
                        aria-disabled="false"
                        aria-readonly="false"
                        aria-checked="false"
                        style="left: 76.699%; top: 77.1879%; height: 15.534px; width: 15.534px; border-radius: 9999px;"
    >
    </qti-hotspot-choice>
    <qti-hotspot-choice coords="100,102,8"
                        identifier="D"
                        shape="circle"
                        role="checkbox"
                        tabindex="0"
                        aria-disabled="false"
                        aria-readonly="false"
                        aria-checked="false"
                        style="left: 44.6602%; top: 32.5451%; height: 15.534px; width: 15.534px; border-radius: 9999px;"
    >
    </qti-hotspot-choice>
  </qti-graphic-order-interaction>
</div>
`;
