// Jest Snapshot v1, https://goo.gl/fbAQLP

exports[`lib/qti-components/qti-interaction/qti-order-interaction Default smoke-test 1`] = `
<div id="root-inner">
  <qti-order-interaction response-identifier="RESPONSE"
                         min-associations="1"
                         max-associations="1"
  >
    <qti-prompt slot="prompt">
      The following F1 drivers finished on the podium in the first ever Grand Prix of Bahrain. Can you rearrange them
        into the correct finishing order?
    </qti-prompt>
    <qti-simple-choice identifier="DriverA"
                       qti-draggable="true"
                       part="qti-simple-choice"
                       tabindex="0"
                       aria-disabled="false"
                       aria-readonly="false"
                       aria-checked="false"
    >
      Rubens
    </qti-simple-choice>
    <qti-simple-choice identifier="DriverB"
                       qti-draggable="true"
                       part="qti-simple-choice"
                       tabindex="0"
                       aria-disabled="false"
                       aria-readonly="false"
                       aria-checked="false"
    >
      Jenson
    </qti-simple-choice>
    <qti-simple-choice identifier="DriverC"
                       qti-draggable="true"
                       part="qti-simple-choice"
                       tabindex="0"
                       aria-disabled="false"
                       aria-readonly="false"
                       aria-checked="false"
    >
      Michael
    </qti-simple-choice>
  </qti-order-interaction>
</div>
`;
