// Jest Snapshot v1, https://goo.gl/fbAQLP

exports[`lib/qti-components/qti-interaction/qti-portable-custom-interaction Default smoke-test 1`] = `
<div id="root-inner">
  <qti-portable-custom-interaction response-identifier="RESPONSE"
                                   module="pci-getallen"
                                   custom-interaction-type-identifier="getallenFormule"
                                   data-button-text="Berekenen"
                                   data-sum1="$1 * 12 + 3"
                                   data-sum2="$1 * 4 + 53"
                                   data-table-size="4"
                                   base-url="./qti-portable-custom-interaction/"
  >
    <qti-interaction-markup>
    </qti-interaction-markup>
  </qti-portable-custom-interaction>
</div>
`;
