// Jest Snapshot v1, https://goo.gl/fbAQLP

exports[`lib/qti-components/qti-interaction/qti-graphic-associate-interaction Default smoke-test 1`] = `
<div id="root-inner">
  <qti-graphic-associate-interaction response-identifier="RESPONSE"
                                     max-associations="3"
  >
    <qti-prompt slot="prompt">
      Mark the airline's new routes on the airport map:
    </qti-prompt>
    <img src="qti-graphic-associate-interaction/uk.png"
         alt="Map of United Kingdom airports"
         width="206"
         height="280"
    >
    <qti-associable-hotspot shape="circle"
                            coords="78,102,8"
                            identifier="A"
                            match-max="3"
                            style="left: 78px; top: 102px; height: 15.534px; width: 15.534px; border-radius: 9999px;"
    >
    </qti-associable-hotspot>
    <qti-associable-hotspot shape="circle"
                            coords="117,171,8"
                            identifier="B"
                            match-max="3"
                            style="left: 117px; top: 171px; height: 15.534px; width: 15.534px; border-radius: 9999px;"
    >
    </qti-associable-hotspot>
    <qti-associable-hotspot shape="circle"
                            coords="166,227,8"
                            identifier="C"
                            match-max="3"
                            style="left: 166px; top: 227px; height: 15.534px; width: 15.534px; border-radius: 9999px;"
    >
    </qti-associable-hotspot>
    <qti-associable-hotspot shape="circle"
                            coords="100,102,8"
                            identifier="D"
                            match-max="3"
                            style="left: 100px; top: 102px; height: 15.534px; width: 15.534px; border-radius: 9999px;"
    >
    </qti-associable-hotspot>
  </qti-graphic-associate-interaction>
</div>
`;
