// Jest Snapshot v1, https://goo.gl/fbAQLP

exports[`lib/qti-components/qti-interaction/qti-text-entry-interaction Default smoke-test 1`] = `
<div id="root-inner">
  <qti-text-entry-interaction placeholder-text="totaal"
                              response-identifier="RESPONSE"
                              class="text-entry-interaction ,qti-input-width-1,qti-input-width-2,qti-input-width-3,qti-input-width-4,qti-input-width-6,qti-input-width-10,qti-input-width-15,qti-input-width-20,qti-input-width-72"
                              expected-length
                              pattern-mask
                              data-patternmask-message
  >
  </qti-text-entry-interaction>
</div>
`;

exports[`lib/qti-components/qti-interaction/qti-text-entry-interaction Formula smoke-test 1`] = `
<div id="root-inner">
  <p>
    Hoeveel kilo CO2 wordt jaarlijks bespaard door 8 zonnepanelen?
  </p>
  <ul>
    <li>
      Levensduur zonnepaneel 25 jaar
    </li>
    <li>
      CO2 uitstoot voor de productie van 1 zonnepaneel is 500 kilo
    </li>
    <li>
      1 zonnepaneel voorkomt 120 kilo CO2 uitstoot per jaar
    </li>
  </ul>
  <p>
    Reken uit:
  </p>
  <p>
    CO2 uitstoot voor productie van de zonnepanelen per jaar is 8 x
    <qti-text-entry-interaction class="qti-input-width-3"
                                response-identifier="RESPONSE"
    >
    </qti-text-entry-interaction>
    /
    <qti-text-entry-interaction class="qti-input-width-3"
                                response-identifier="RESPONSE"
    >
    </qti-text-entry-interaction>
    =
    <qti-text-entry-interaction class="qti-input-width-3"
                                response-identifier="RESPONSE"
    >
    </qti-text-entry-interaction>
    kilo
  </p>
  <p>
    CO2 uitstoot die wordt bespaard per jaar is 8 x
    <qti-text-entry-interaction class="qti-input-width-3"
                                response-identifier="RESPONSE"
    >
    </qti-text-entry-interaction>
    -
    <qti-text-entry-interaction class="qti-input-width-3"
                                response-identifier="RESPONSE"
    >
    </qti-text-entry-interaction>
    =
    <qti-text-entry-interaction class="qti-input-width-3"
                                response-identifier="RESPONSE"
    >
    </qti-text-entry-interaction>
    kilo
  </p>
</div>
`;

exports[`lib/qti-components/qti-interaction/qti-text-entry-interaction Sizes smoke-test 1`] = `
<div id="root-inner">
  <p>
    qti-input-width-1 :
    <qti-text-entry-interaction class="qti-input-width-1"
                                expected-length="15"
                                response-identifier="RESPONSE1"
    >
    </qti-text-entry-interaction>
  </p>
  <p>
    qti-input-width-2 :
    <qti-text-entry-interaction class="qti-input-width-2"
                                expected-length="15"
                                response-identifier="RESPONSE2"
    >
    </qti-text-entry-interaction>
  </p>
  <p>
    qti-input-width-3 :
    <qti-text-entry-interaction class="qti-input-width-3"
                                expected-length="15"
                                response-identifier="RESPONSE3"
    >
    </qti-text-entry-interaction>
  </p>
  <p>
    qti-input-width-4 :
    <qti-text-entry-interaction class="qti-input-width-4"
                                expected-length="15"
                                response-identifier="RESPONSE4"
    >
    </qti-text-entry-interaction>
  </p>
  <p>
    qti-input-width-6 :
    <qti-text-entry-interaction class="qti-input-width-6"
                                expected-length="15"
                                response-identifier="RESPONSE5"
    >
    </qti-text-entry-interaction>
  </p>
  <p>
    qti-input-width-10:
    <qti-text-entry-interaction class="qti-input-width-10"
                                expected-length="15"
                                response-identifier="RESPONSE6"
    >
    </qti-text-entry-interaction>
  </p>
  <p>
    qti-input-width-15:
    <qti-text-entry-interaction class="qti-input-width-15"
                                expected-length="15"
                                response-identifier="RESPONSE7"
    >
    </qti-text-entry-interaction>
  </p>
  <p>
    qti-input-width-20:
    <qti-text-entry-interaction class="qti-input-width-20"
                                expected-length="20"
                                response-identifier="RESPONSE8"
    >
    </qti-text-entry-interaction>
  </p>
  <p>
    qti-input-width-72:
    <qti-text-entry-interaction class="qti-input-width-72"
                                expected-length="72"
                                response-identifier="RESPONSE9"
    >
    </qti-text-entry-interaction>
  </p>
</div>
`;
