// Jest Snapshot v1, https://goo.gl/fbAQLP

exports[`lib/qti-components/qti-interaction/qti-associate-interaction Default smoke-test 1`] = `
<div id="root-inner">
  <qti-associate-interaction class
                             min-associations="1"
                             max-associations="1"
  >
    <qti-prompt>
      Hidden in this list of characters from famous Shakespeare plays are three pairs of rivals. Can you match each
        character to his adversary?
    </qti-prompt>
    <qti-simple-associable-choice identifier="A"
                                  match-max="1"
                                  qti-draggable="true"
                                  slot="qti-simple-associable-choice"
                                  part="qti-simple-associable-choice"
    >
      Antonio
    </qti-simple-associable-choice>
    <qti-simple-associable-choice identifier="C"
                                  match-max="1"
                                  qti-draggable="true"
                                  slot="qti-simple-associable-choice"
                                  part="qti-simple-associable-choice"
    >
      Capulet
    </qti-simple-associable-choice>
    <qti-simple-associable-choice identifier="D"
                                  match-max="1"
                                  qti-draggable="true"
                                  slot="qti-simple-associable-choice"
                                  part="qti-simple-associable-choice"
    >
      Demetrius
    </qti-simple-associable-choice>
    <qti-simple-associable-choice identifier="L"
                                  match-max="1"
                                  qti-draggable="true"
                                  slot="qti-simple-associable-choice"
                                  part="qti-simple-associable-choice"
    >
      Lysander
    </qti-simple-associable-choice>
    <qti-simple-associable-choice identifier="M"
                                  match-max="1"
                                  qti-draggable="true"
                                  slot="qti-simple-associable-choice"
                                  part="qti-simple-associable-choice"
    >
      Montague
    </qti-simple-associable-choice>
    <qti-simple-associable-choice identifier="P"
                                  match-max="1"
                                  qti-draggable="true"
                                  slot="qti-simple-associable-choice"
                                  part="qti-simple-associable-choice"
    >
      Prospero
    </qti-simple-associable-choice>
  </qti-associate-interaction>
</div>
`;
