// Jest Snapshot v1, https://goo.gl/fbAQLP

exports[`lib/qti-components/qti-interaction/qti-select-point-interaction Default smoke-test 1`] = `
<div id="root-inner">
  <qti-select-point-interaction max-choices="1"
                                response-identifier="RESPONSE1"
  >
    <qti-prompt slot="prompt">
      Mark Edinburgh on this map of the United Kingdom.
    </qti-prompt>
    <img src="qti-select-point-interaction/uk.png"
         height="280"
         width="206"
    >
  </qti-select-point-interaction>
</div>
`;
