// Jest Snapshot v1, https://goo.gl/fbAQLP

exports[`styles/themes Choice smoke-test 1`] = `
<div id="root-inner">
  <qti-choice-interaction data-testid="qti-choice-interaction"
                          data-max-selections-message="Too little selections made"
                          data-min-selections-message="Too much selections made"
                          response-identifier
  >
    <qti-prompt slot="prompt">
      <p>
        Which of the following features are
        <strong>
          new
        </strong>
        to QTI 3?
      </p>
      <p>
        Pick 1 choice.
      </p>
    </qti-prompt>
    <qti-simple-choice data-testid="choice-0"
                       identifier="choice-0"
                       role="radio"
                       tabindex="0"
                       aria-disabled="false"
                       aria-readonly="false"
                       aria-checked="false"
    >
      I think you can use WorkFlow.
    </qti-simple-choice>
    <qti-simple-choice data-testid="choice-1"
                       identifier="choice-1"
                       role="radio"
                       tabindex="0"
                       aria-disabled="false"
                       aria-readonly="false"
                       aria-checked="false"
    >
      You should use FlowChart
    </qti-simple-choice>
    <qti-simple-choice data-testid="choice-2"
                       identifier="choice-2"
                       role="radio"
                       tabindex="0"
                       aria-disabled="false"
                       aria-readonly="false"
                       aria-checked="false"
    >
      No you should use Workload Rage.
    </qti-simple-choice>
    <qti-simple-choice data-testid="choice-3"
                       identifier="choice-3"
                       role="radio"
                       tabindex="0"
                       aria-disabled="false"
                       aria-readonly="false"
                       aria-checked="false"
    >
      I would recommend Chart Up.
    </qti-simple-choice>
  </qti-choice-interaction>
</div>
`;

exports[`styles/themes Interactions smoke-test 1`] = `
<div id="root-inner">
  <div style="display:flex; gap:0.5rem">
    <qti-gap-match-interaction min-associations="1"
                               max-associations="1"
    >
      <qti-gap-text identifier="W"
                    match-max="1"
                    qti-draggable="true"
                    slot="qti-gap-text"
                    tabindex="0"
      >
        winter
      </qti-gap-text>
      <qti-gap-text identifier="Sp"
                    match-max="1"
                    qti-draggable="true"
                    slot="qti-gap-text"
                    tabindex="0"
      >
        spring
      </qti-gap-text>
      <qti-gap-text identifier="Su"
                    match-max="1"
                    qti-draggable="true"
                    slot="qti-gap-text"
                    tabindex="0"
      >
        summer
      </qti-gap-text>
      <qti-gap-text identifier="A"
                    match-max="1"
                    qti-draggable="true"
                    slot="qti-gap-text"
                    tabindex="0"
      >
        autumn
      </qti-gap-text>
      <blockquote>
        <p>
          Now is the
          <qti-gap identifier="G1"
                   dropzone="move"
                   tabindex="0"
          >
          </qti-gap>
          of our discontent
          <br>
          Made glorious
          <qti-gap identifier="G2"
                   dropzone="move"
                   tabindex="0"
          >
          </qti-gap>
          by this sun of York;
          <br>
          And all the clouds that lour'd upon our house
          <br>
          In the deep bosom of the ocean buried.
        </p>
      </blockquote>
    </qti-gap-match-interaction>
    <qti-match-interaction class="qti-choices-top"
                           max-associations="4"
                           response-identifier="RESPONSE"
                           min-associations="1"
    >
      <qti-simple-match-set>
        <qti-simple-associable-choice identifier="C"
                                      match-max="1"
                                      qti-draggable="true"
                                      slot="qti-simple-associable-choice"
                                      part="qti-simple-associable-choice"
        >
          Capulet
        </qti-simple-associable-choice>
        <qti-simple-associable-choice identifier="D"
                                      match-max="1"
                                      qti-draggable="true"
                                      slot="qti-simple-associable-choice"
                                      part="qti-simple-associable-choice"
        >
          Demetrius
        </qti-simple-associable-choice>
        <qti-simple-associable-choice identifier="L"
                                      match-max="1"
                                      qti-draggable="true"
                                      slot="qti-simple-associable-choice"
                                      part="qti-simple-associable-choice"
        >
          Lysander
        </qti-simple-associable-choice>
        <qti-simple-associable-choice identifier="P"
                                      match-max="1"
                                      qti-draggable="true"
                                      slot="qti-simple-associable-choice"
                                      part="qti-simple-associable-choice"
        >
          Prospero
        </qti-simple-associable-choice>
      </qti-simple-match-set>
      <qti-simple-match-set>
        <qti-simple-associable-choice identifier="M"
                                      match-max="2"
                                      slot="qti-simple-associable-choice"
                                      part="qti-simple-associable-choice"
                                      dropzone="move"
        >
          A Midsummer-Night's
        </qti-simple-associable-choice>
        <qti-simple-associable-choice identifier="R"
                                      match-max="2"
                                      slot="qti-simple-associable-choice"
                                      part="qti-simple-associable-choice"
                                      dropzone="move"
        >
          Romeo and Juliet
        </qti-simple-associable-choice>
        <qti-simple-associable-choice identifier="T"
                                      match-max="2"
                                      slot="qti-simple-associable-choice"
                                      part="qti-simple-associable-choice"
                                      dropzone="move"
        >
          The Tempest
        </qti-simple-associable-choice>
      </qti-simple-match-set>
    </qti-match-interaction>
  </div>
  <div style="display:flex; gap:0.5rem">
    <qti-order-interaction response-identifier="RESPONSE"
                           min-associations="1"
                           max-associations="1"
    >
      <qti-prompt slot="prompt">
        The following F1 drivers finished on the podium in the first ever Grand Prix of Bahrain. Can you rearrange them
        into the correct finishing order?
      </qti-prompt>
      <qti-simple-choice identifier="DriverA"
                         qti-draggable="true"
                         part="qti-simple-choice"
                         tabindex="0"
                         aria-disabled="false"
                         aria-readonly="false"
                         aria-checked="false"
      >
        Rubens
      </qti-simple-choice>
      <qti-simple-choice identifier="DriverB"
                         qti-draggable="true"
                         part="qti-simple-choice"
                         tabindex="0"
                         aria-disabled="false"
                         aria-readonly="false"
                         aria-checked="false"
      >
        Jenson
      </qti-simple-choice>
      <qti-simple-choice identifier="DriverC"
                         qti-draggable="true"
                         part="qti-simple-choice"
                         tabindex="0"
                         aria-disabled="false"
                         aria-readonly="false"
                         aria-checked="false"
      >
        Michael
      </qti-simple-choice>
    </qti-order-interaction>
    <qti-associate-interaction class
                               min-associations="1"
                               max-associations="1"
    >
      <qti-prompt slot="prompt">
        Hidden in this list of characters from famous Shakespeare plays are three pairs of rivals. Can you match each
        character to his adversary?
      </qti-prompt>
      <qti-simple-associable-choice identifier="A"
                                    match-max="1"
                                    qti-draggable="true"
                                    slot="qti-simple-associable-choice"
                                    part="qti-simple-associable-choice"
      >
        Antonio
      </qti-simple-associable-choice>
      <qti-simple-associable-choice identifier="C"
                                    match-max="1"
                                    qti-draggable="true"
                                    slot="qti-simple-associable-choice"
                                    part="qti-simple-associable-choice"
      >
        Capulet
      </qti-simple-associable-choice>
      <qti-simple-associable-choice identifier="D"
                                    match-max="1"
                                    qti-draggable="true"
                                    slot="qti-simple-associable-choice"
                                    part="qti-simple-associable-choice"
      >
        Demetrius
      </qti-simple-associable-choice>
      <qti-simple-associable-choice identifier="L"
                                    match-max="1"
                                    qti-draggable="true"
                                    slot="qti-simple-associable-choice"
                                    part="qti-simple-associable-choice"
      >
        Lysander
      </qti-simple-associable-choice>
      <qti-simple-associable-choice identifier="M"
                                    match-max="1"
                                    qti-draggable="true"
                                    slot="qti-simple-associable-choice"
                                    part="qti-simple-associable-choice"
      >
        Montague
      </qti-simple-associable-choice>
      <qti-simple-associable-choice identifier="P"
                                    match-max="1"
                                    qti-draggable="true"
                                    slot="qti-simple-associable-choice"
                                    part="qti-simple-associable-choice"
      >
        Prospero
      </qti-simple-associable-choice>
    </qti-associate-interaction>
  </div>
  <h2>
    qti-graphic-gap-match-interaction
  </h2>
  <qti-graphic-gap-match-interaction class="qti-choices-top qti-selections-dark"
                                     response-identifier="RESPONSE"
                                     shuffle="false"
                                     min-associations="0"
                                     max-associations="4"
                                     data-choices-container-width="376"
  >
    <img alt="timeline from 1939 to 1991"
         src="qti-graphic-gap-match-interaction/timeline-558.png"
         height="326"
         width="558"
    >
    <qti-gap-img identifier="DraggerA"
                 match-max="1"
                 qti-draggable="true"
                 slot="qti-gap-img"
    >
      <img src="qti-graphic-gap-match-interaction/a-cw.png"
           alt="Choice A, The Cold War Ends"
           height="63"
           width="78"
      >
    </qti-gap-img>
    <qti-gap-img identifier="DraggerB"
                 match-max="1"
                 qti-draggable="true"
                 slot="qti-gap-img"
    >
      <img src="qti-graphic-gap-match-interaction/b-ww2.png"
           alt="Choice B, World War 2 Ends"
           height="63"
           width="78"
      >
    </qti-gap-img>
    <qti-gap-img identifier="DraggerC"
                 match-max="1"
                 qti-draggable="true"
                 slot="qti-gap-img"
    >
      <img src="qti-graphic-gap-match-interaction/c-vietnam.png"
           alt="Choice C, Vietnam Conflict Ends"
           height="63"
           width="78"
      >
    </qti-gap-img>
    <qti-gap-img identifier="DraggerD"
                 match-max="1"
                 qti-draggable="true"
                 slot="qti-gap-img"
    >
      <img src="qti-graphic-gap-match-interaction/d-bay.png"
           alt="Choice D, Bay of Pigs"
           height="63"
           width="78"
      >
    </qti-gap-img>
    <qti-associable-hotspot coords="55,256,133,319"
                            identifier="A"
                            match-max="1"
                            shape="rect"
                            dropzone="move"
                            style="left: 55px; top: 256px; width: 78px; height: 63px;"
    >
    </qti-associable-hotspot>
    <qti-associable-hotspot coords="190,256,268,319"
                            identifier="B"
                            match-max="1"
                            shape="rect"
                            dropzone="move"
                            style="left: 190px; top: 256px; width: 78px; height: 63px;"
    >
    </qti-associable-hotspot>
    <qti-associable-hotspot coords="309,256,387,319"
                            identifier="C"
                            match-max="1"
                            shape="rect"
                            dropzone="move"
                            style="left: 309px; top: 256px; width: 78px; height: 63px;"
    >
    </qti-associable-hotspot>
    <qti-associable-hotspot coords="450,256,528,319"
                            identifier="D"
                            match-max="1"
                            shape="rect"
                            dropzone="move"
                            style="left: 450px; top: 256px; width: 78px; height: 63px;"
    >
    </qti-associable-hotspot>
  </qti-graphic-gap-match-interaction>
  <h2>
    choice-interaction
  </h2>
  <qti-layout-row>
    <qti-layout-col6>
      <qti-choice-interaction data-testid="qti-choice-interaction"
                              data-max-selections-message="Too little selections made"
                              data-min-selections-message="Too much selections made"
                              response-identifier
      >
        <qti-prompt slot="prompt">
          <p>
            Which of the following features are
            <strong>
              new
            </strong>
            to QTI 3?
          </p>
          <p>
            Pick 1 choice.
          </p>
        </qti-prompt>
        <qti-simple-choice data-testid="choice-0"
                           identifier="choice-0"
                           role="radio"
                           tabindex="0"
                           aria-disabled="false"
                           aria-readonly="false"
                           aria-checked="false"
        >
          I think you can use WorkFlow.
        </qti-simple-choice>
        <qti-simple-choice data-testid="choice-1"
                           identifier="choice-1"
                           role="radio"
                           tabindex="0"
                           aria-disabled="false"
                           aria-readonly="false"
                           aria-checked="false"
        >
          You should use FlowChart
        </qti-simple-choice>
        <qti-simple-choice data-testid="choice-2"
                           identifier="choice-2"
                           role="radio"
                           tabindex="0"
                           aria-disabled="false"
                           aria-readonly="false"
                           aria-checked="false"
        >
          No you should use Workload Rage.
        </qti-simple-choice>
        <qti-simple-choice data-testid="choice-3"
                           identifier="choice-3"
                           role="radio"
                           tabindex="0"
                           aria-disabled="false"
                           aria-readonly="false"
                           aria-checked="false"
        >
          I would recommend Chart Up.
        </qti-simple-choice>
      </qti-choice-interaction>
    </qti-layout-col6>
    <qti-layout-col6>
      <qti-choice-interaction data-testid="qti-choice-interaction"
                              data-max-selections-message="Too little selections made"
                              data-min-selections-message="Too much selections made"
                              response-identifier
                              max-choices="2"
                              disabled
      >
        <qti-prompt slot="prompt">
          <p>
            Which of the following features are
            <strong>
              new
            </strong>
            to QTI 3?
          </p>
          <p>
            Pick 1 choice.
          </p>
        </qti-prompt>
        <qti-simple-choice data-testid="choice-0"
                           identifier="choice-0"
                           role="checkbox"
                           tabindex="0"
                           aria-disabled="false"
                           aria-readonly="false"
                           aria-checked="false"
        >
          I think you can use WorkFlow.
        </qti-simple-choice>
        <qti-simple-choice data-testid="choice-1"
                           identifier="choice-1"
                           role="checkbox"
                           tabindex="0"
                           aria-disabled="false"
                           aria-readonly="false"
                           aria-checked="false"
        >
          You should use FlowChart
        </qti-simple-choice>
        <qti-simple-choice data-testid="choice-2"
                           identifier="choice-2"
                           role="checkbox"
                           tabindex="0"
                           aria-disabled="false"
                           aria-readonly="false"
                           aria-checked="false"
        >
          No you should use Workload Rage.
        </qti-simple-choice>
        <qti-simple-choice data-testid="choice-3"
                           identifier="choice-3"
                           role="checkbox"
                           tabindex="0"
                           aria-disabled="false"
                           aria-readonly="false"
                           aria-checked="false"
        >
          I would recommend Chart Up.
        </qti-simple-choice>
      </qti-choice-interaction>
    </qti-layout-col6>
  </qti-layout-row>
  <qti-choice-interaction data-testid="qti-choice-interaction"
                          data-max-selections-message="Too little selections made"
                          data-min-selections-message="Too much selections made"
                          response-identifier
                          class="qti-input-control-hidden qti-choices-stacking-2"
                          orientation="vertical"
  >
    <qti-prompt slot="prompt">
      <p>
        Which of the following features are
        <strong>
          new
        </strong>
        to QTI 3?
      </p>
      <p>
        Pick 1 choice.
      </p>
    </qti-prompt>
    <qti-simple-choice data-testid="choice-0"
                       identifier="choice-0"
                       role="radio"
                       tabindex="0"
                       aria-disabled="false"
                       aria-readonly="false"
                       aria-checked="false"
    >
      I think you can use WorkFlow.
    </qti-simple-choice>
    <qti-simple-choice data-testid="choice-1"
                       identifier="choice-1"
                       role="radio"
                       tabindex="0"
                       aria-disabled="false"
                       aria-readonly="false"
                       aria-checked="false"
    >
      You should use FlowChart
    </qti-simple-choice>
    <qti-simple-choice data-testid="choice-2"
                       identifier="choice-2"
                       role="radio"
                       tabindex="0"
                       aria-disabled="false"
                       aria-readonly="false"
                       aria-checked="false"
    >
      No you should use Workload Rage.
    </qti-simple-choice>
    <qti-simple-choice data-testid="choice-3"
                       identifier="choice-3"
                       role="radio"
                       tabindex="0"
                       aria-disabled="false"
                       aria-readonly="false"
                       aria-checked="false"
    >
      I would recommend Chart Up.
    </qti-simple-choice>
  </qti-choice-interaction>
  <h2>
    text-entry-interaction
  </h2>
  <qti-text-entry-interaction placeholder-text="totaal"
                              response-identifier="RESPONSE"
                              class="text-entry-interaction ,qti-input-width-1,qti-input-width-2,qti-input-width-3,qti-input-width-4,qti-input-width-6,qti-input-width-10,qti-input-width-15,qti-input-width-20,qti-input-width-72"
                              expected-length
                              pattern-mask
                              data-patternmask-message
  >
  </qti-text-entry-interaction>
  <h2>
    extended-text-interaction
  </h2>
  <qti-extended-text-interaction response-identifier
                                 class
  >
  </qti-extended-text-interaction>
  <h2>
    qti-hotspot-interaction
  </h2>
  <qti-hotspot-interaction response-identifier="RESPONSE"
                           min-choices="1"
                           max-choices="16"
  >
    <img src="/qti-hotspot-interaction/VH5BG1e_v2.png"
         width="602"
         height="452"
    >
    <qti-hotspot-choice identifier="A"
                        coords="288,219,251,183,215,147,179,110,142,74,129,89,117,105,106,122,97,140,145,160,192,180,240,200,288,219"
                        shape="poly"
                        role="checkbox"
                        tabindex="0"
                        aria-disabled="false"
                        aria-readonly="false"
                        aria-checked="false"
                        style="left: 16.113%; top: 16.3717%; width: 31.7276%; height: 32.0796%; clip-path: polygon(100% 100%, 81% 75%, 62% 50%, 43% 25%, 24% 0%, 17% 10%, 10% 21%, 5% 33%, 0% 46%, 25% 59%, 50% 73%, 75% 87%, 100% 100%);"
    >
    </qti-hotspot-choice>
    <qti-hotspot-choice identifier="B"
                        coords="306,227,354,247,402,267,450,286,498,306,504,287,509,268,512,248,513,227,461,227,409,227,358,227,306,227"
                        shape="poly"
                        role="checkbox"
                        tabindex="0"
                        aria-disabled="false"
                        aria-readonly="false"
                        aria-checked="false"
                        style="left: 50.8306%; top: 50.2212%; width: 34.3854%; height: 17.4779%; clip-path: polygon(0% 0%, 23% 25%, 46% 51%, 70% 75%, 93% 100%, 96% 76%, 98% 52%, 100% 27%, 100% 0%, 75% 0%, 50% 0%, 25% 0%, 0% 0%);"
    >
    </qti-hotspot-choice>
    <qti-hotspot-choice identifier="C"
                        coords="304,230,341,267,378,304,415,341,451,378,465,362,477,346,487,328,496,310,448,290,400,270,352,250,304,230"
                        shape="poly"
                        role="checkbox"
                        tabindex="0"
                        aria-disabled="false"
                        aria-readonly="false"
                        aria-checked="false"
                        style="left: 50.4983%; top: 50.885%; width: 31.8937%; height: 32.7434%; clip-path: polygon(0% 0%, 19% 25%, 39% 50%, 58% 75%, 77% 100%, 84% 89%, 90% 78%, 95% 66%, 100% 54%, 75% 41%, 50% 27%, 25% 14%, 0% 0%);"
    >
    </qti-hotspot-choice>
    <qti-hotspot-choice identifier="D"
                        coords="306,223,358,223,409,223,461,223,513,223,511,202,508,182,503,163,496,144,449,164,401,183,354,203,306,223"
                        shape="poly"
                        role="checkbox"
                        tabindex="0"
                        aria-disabled="false"
                        aria-readonly="false"
                        aria-checked="false"
                        style="left: 50.8306%; top: 31.8584%; width: 34.3854%; height: 17.4779%; clip-path: polygon(0% 100%, 25% 100%, 50% 100%, 75% 100%, 100% 100%, 99% 73%, 98% 48%, 95% 24%, 92% 0%, 69% 25%, 46% 49%, 23% 75%, 0% 100%);"
    >
    </qti-hotspot-choice>
    <qti-hotspot-choice identifier="E"
                        coords="290,233,254,270,217,307,180,344,143,380,158,394,175,406,192,417,211,426,231,378,251,330,270,281,290,233"
                        shape="poly"
                        role="checkbox"
                        tabindex="0"
                        aria-disabled="false"
                        aria-readonly="false"
                        aria-checked="false"
                        style="left: 23.7542%; top: 51.5487%; width: 24.4186%; height: 42.6991%; clip-path: polygon(100% 0%, 76% 19%, 50% 38%, 25% 58%, 0% 76%, 10% 83%, 22% 90%, 33% 95%, 46% 100%, 60% 75%, 73% 50%, 86% 25%, 100% 0%);"
    >
    </qti-hotspot-choice>
    <qti-hotspot-choice identifier="F"
                        coords="302,233,322,281,341,330,361,378,381,426,400,417,417,406,434,394,449,380,412,344,375,307,338,270,302,233"
                        shape="poly"
                        role="checkbox"
                        tabindex="0"
                        aria-disabled="false"
                        aria-readonly="false"
                        aria-checked="false"
                        style="left: 50.1661%; top: 51.5487%; width: 24.4186%; height: 42.6991%; clip-path: polygon(0% 0%, 14% 25%, 27% 50%, 40% 75%, 54% 100%, 67% 95%, 78% 90%, 90% 83%, 100% 76%, 75% 58%, 50% 38%, 24% 19%, 0% 0%);"
    >
    </qti-hotspot-choice>
    <qti-hotspot-choice identifier="G"
                        coords="294,235,274,283,254,331,234,379,214,427,233,434,253,439,273,442,294,443,294,391,294,339,294,287,294,235"
                        shape="poly"
                        role="checkbox"
                        tabindex="0"
                        aria-disabled="false"
                        aria-readonly="false"
                        aria-checked="false"
                        style="left: 35.5482%; top: 51.9912%; width: 13.289%; height: 46.0177%; clip-path: polygon(100% 0%, 75% 23%, 50% 46%, 25% 69%, 0% 92%, 24% 96%, 49% 98%, 74% 100%, 100% 100%, 100% 75%, 100% 50%, 100% 25%, 100% 0%);"
    >
    </qti-hotspot-choice>
    <qti-hotspot-choice identifier="H"
                        coords="298,235,298,287,298,339,298,391,298,443,319,442,339,439,359,434,378,427,358,379,338,331,318,283,298,235"
                        shape="poly"
                        role="checkbox"
                        tabindex="0"
                        aria-disabled="false"
                        aria-readonly="false"
                        aria-checked="false"
                        style="left: 49.5017%; top: 51.9912%; width: 13.289%; height: 46.0177%; clip-path: polygon(0% 0%, 0% 25%, 0% 50%, 0% 75%, 0% 100%, 26% 100%, 51% 98%, 76% 96%, 100% 92%, 75% 69%, 50% 46%, 25% 23%, 0% 0%);"
    >
    </qti-hotspot-choice>
    <qti-hotspot-choice identifier="I"
                        coords="286,227,234,227,183,227,131,227,79,227,80,248,83,268,88,287,94,306,142,286,190,267,238,247,286,227"
                        shape="poly"
                        role="checkbox"
                        tabindex="0"
                        aria-disabled="false"
                        aria-readonly="false"
                        aria-checked="false"
                        style="left: 13.1229%; top: 50.2212%; width: 34.3854%; height: 17.4779%; clip-path: polygon(100% 0%, 75% 0%, 50% 0%, 25% 0%, 0% 0%, 0% 27%, 2% 52%, 4% 76%, 7% 100%, 30% 75%, 54% 51%, 77% 25%, 100% 0%);"
    >
    </qti-hotspot-choice>
    <qti-hotspot-choice identifier="J"
                        coords="286,223,238,203,191,183,143,164,96,144,89,163,84,182,81,202,79,223,131,223,183,223,234,223,286,223"
                        shape="poly"
                        role="checkbox"
                        tabindex="0"
                        aria-disabled="false"
                        aria-readonly="false"
                        aria-checked="false"
                        style="left: 13.1229%; top: 31.8584%; width: 34.3854%; height: 17.4779%; clip-path: polygon(100% 100%, 77% 75%, 54% 49%, 31% 25%, 8% 0%, 5% 24%, 2% 48%, 1% 73%, 0% 100%, 25% 100%, 50% 100%, 75% 100%, 100% 100%);"
    >
    </qti-hotspot-choice>
    <qti-hotspot-choice identifier="K"
                        coords="294,10,273,11,253,14,234,19,215,25,235,73,255,120,274,168,294,215,294,164,294,112,294,61,294,10"
                        shape="poly"
                        role="checkbox"
                        tabindex="0"
                        aria-disabled="false"
                        aria-readonly="false"
                        aria-checked="false"
                        style="left: 35.7143%; top: 2.21239%; width: 13.1229%; height: 45.354%; clip-path: polygon(100% 0%, 73% 0%, 48% 2%, 24% 4%, 0% 7%, 25% 31%, 51% 54%, 75% 77%, 100% 100%, 100% 75%, 100% 50%, 100% 25%, 100% 0%);"
    >
    </qti-hotspot-choice>
    <qti-hotspot-choice identifier="L"
                        coords="495,140,486,122,475,105,463,89,450,74,413,110,377,147,341,183,304,219,352,200,400,180,447,160,495,140"
                        shape="poly"
                        role="checkbox"
                        tabindex="0"
                        aria-disabled="false"
                        aria-readonly="false"
                        aria-checked="false"
                        style="left: 50.4983%; top: 16.3717%; width: 31.7276%; height: 32.0796%; clip-path: polygon(100% 46%, 95% 33%, 90% 21%, 83% 10%, 76% 0%, 57% 25%, 38% 50%, 19% 75%, 0% 100%, 25% 87%, 50% 73%, 75% 59%, 100% 46%);"
    >
    </qti-hotspot-choice>
    <qti-hotspot-choice identifier="M"
                        coords="302,216,338,180,374,144,411,107,447,71,432,58,416,46,399,35,380,27,361,74,341,122,321,169,302,216"
                        shape="poly"
                        role="checkbox"
                        tabindex="0"
                        aria-disabled="false"
                        aria-readonly="false"
                        aria-checked="false"
                        style="left: 50.1661%; top: 5.97345%; width: 24.0864%; height: 41.8142%; clip-path: polygon(0% 100%, 25% 81%, 50% 62%, 75% 42%, 100% 23%, 90% 16%, 79% 10%, 67% 4%, 54% 0%, 41% 25%, 27% 50%, 13% 75%, 0% 100%);"
    >
    </qti-hotspot-choice>
    <qti-hotspot-choice identifier="N"
                        coords="298,215,318,168,337,120,357,73,377,25,358,19,339,14,319,11,298,10,298,61,298,112,298,164,298,215"
                        shape="poly"
                        role="checkbox"
                        tabindex="0"
                        aria-disabled="false"
                        aria-readonly="false"
                        aria-checked="false"
                        style="left: 49.5017%; top: 2.21239%; width: 13.1229%; height: 45.354%; clip-path: polygon(0% 100%, 25% 77%, 49% 54%, 75% 31%, 100% 7%, 76% 4%, 52% 2%, 27% 0%, 0% 0%, 0% 25%, 0% 50%, 0% 75%, 0% 100%);"
    >
    </qti-hotspot-choice>
    <qti-hotspot-choice identifier="O"
                        coords="290,216,271,169,251,122,231,74,212,27,193,35,176,46,160,58,145,71,181,107,218,144,254,180,290,216"
                        shape="poly"
                        role="checkbox"
                        tabindex="0"
                        aria-disabled="false"
                        aria-readonly="false"
                        aria-checked="false"
                        style="left: 24.0864%; top: 5.97345%; width: 24.0864%; height: 41.8142%; clip-path: polygon(100% 100%, 87% 75%, 73% 50%, 59% 25%, 46% 0%, 33% 4%, 21% 10%, 10% 16%, 0% 23%, 25% 42%, 50% 62%, 75% 81%, 100% 100%);"
    >
    </qti-hotspot-choice>
    <qti-hotspot-choice identifier="P"
                        coords="288,230,240,250,192,270,144,290,96,310,105,328,115,346,127,362,141,378,177,341,214,304,251,267,288,230"
                        shape="poly"
                        role="checkbox"
                        tabindex="0"
                        aria-disabled="false"
                        aria-readonly="false"
                        aria-checked="false"
                        style="left: 15.9468%; top: 50.885%; width: 31.8937%; height: 32.7434%; clip-path: polygon(100% 0%, 75% 14%, 50% 27%, 25% 41%, 0% 54%, 5% 66%, 10% 78%, 16% 89%, 23% 100%, 42% 75%, 61% 50%, 81% 25%, 100% 0%);"
    >
    </qti-hotspot-choice>
  </qti-hotspot-interaction>
  <h2>
    qti-hottext-interaction
  </h2>
  <qti-hottext-interaction response-identifier="RESPONSE"
                           max-choices="1"
                           qti-hottext-interaction
  >
    <p>
      Sponsors of the Olympic Games
      <qti-hottext identifier="A"
                   role="radio"
                   tabindex="0"
                   aria-disabled="false"
                   aria-readonly="false"
                   aria-checked="false"
      >
        who bought
      </qti-hottext>
      advertising time on United States television
      <qti-hottext identifier="B"
                   role="radio"
                   tabindex="0"
                   aria-disabled="false"
                   aria-readonly="false"
                   aria-checked="false"
      >
        includes
      </qti-hottext>
      <qti-hottext identifier="C"
                   role="radio"
                   tabindex="0"
                   aria-disabled="false"
                   aria-readonly="false"
                   aria-checked="false"
      >
        at least
      </qti-hottext>
      a dozen international firms
      <qti-hottext identifier="D"
                   role="radio"
                   tabindex="0"
                   aria-disabled="false"
                   aria-readonly="false"
                   aria-checked="false"
      >
        whose
      </qti-hottext>
      names are familiar to American consumers.
      <qti-hottext identifier="E"
                   role="radio"
                   tabindex="0"
                   aria-disabled="false"
                   aria-readonly="false"
                   aria-checked="false"
      >
        No error.
      </qti-hottext>
    </p>
  </qti-hottext-interaction>
  <qti-hottext-interaction response-identifier="RESPONSE"
                           max-choices="2"
                           qti-hottext-interaction
  >
    <p>
      Sponsors of the Olympic Games
      <qti-hottext identifier="A"
                   role="checkbox"
                   tabindex="0"
                   aria-disabled="false"
                   aria-readonly="false"
                   aria-checked="false"
      >
        who bought
      </qti-hottext>
      advertising time on United States television
      <qti-hottext identifier="B"
                   role="checkbox"
                   tabindex="0"
                   aria-disabled="false"
                   aria-readonly="false"
                   aria-checked="false"
      >
        includes
      </qti-hottext>
      <qti-hottext identifier="C"
                   role="checkbox"
                   tabindex="0"
                   aria-disabled="false"
                   aria-readonly="false"
                   aria-checked="false"
      >
        at least
      </qti-hottext>
      a dozen international firms
      <qti-hottext identifier="D"
                   role="checkbox"
                   tabindex="0"
                   aria-disabled="false"
                   aria-readonly="false"
                   aria-checked="false"
      >
        whose
      </qti-hottext>
      names are familiar to American consumers.
      <qti-hottext identifier="E"
                   role="checkbox"
                   tabindex="0"
                   aria-disabled="false"
                   aria-readonly="false"
                   aria-checked="false"
      >
        No error.
      </qti-hottext>
    </p>
  </qti-hottext-interaction>
  <qti-hottext-interaction response-identifier="RESPONSE"
                           class="qti-input-control-hidden"
                           max-choices
                           qti-hottext-interaction
  >
    <p>
      Sponsors of the Olympic Games
      <qti-hottext identifier="A"
                   role="checkbox"
                   tabindex="0"
                   aria-disabled="false"
                   aria-readonly="false"
                   aria-checked="false"
      >
        who bought
      </qti-hottext>
      advertising time on United States television
      <qti-hottext identifier="B"
                   role="checkbox"
                   tabindex="0"
                   aria-disabled="false"
                   aria-readonly="false"
                   aria-checked="false"
      >
        includes
      </qti-hottext>
      <qti-hottext identifier="C"
                   role="checkbox"
                   tabindex="0"
                   aria-disabled="false"
                   aria-readonly="false"
                   aria-checked="false"
      >
        at least
      </qti-hottext>
      a dozen international firms
      <qti-hottext identifier="D"
                   role="checkbox"
                   tabindex="0"
                   aria-disabled="false"
                   aria-readonly="false"
                   aria-checked="false"
      >
        whose
      </qti-hottext>
      names are familiar to American consumers.
      <qti-hottext identifier="E"
                   role="checkbox"
                   tabindex="0"
                   aria-disabled="false"
                   aria-readonly="false"
                   aria-checked="false"
      >
        No error.
      </qti-hottext>
    </p>
  </qti-hottext-interaction>
  <h2>
    qti-inline-choice-interaction
  </h2>
  <qti-inline-choice-interaction response-identifier="RESPONSE"
                                 class
                                 shuffle
  >
    <qti-inline-choice identifier="G">
      Gloucester
    </qti-inline-choice>
    <qti-inline-choice identifier="L">
      Lancaster
    </qti-inline-choice>
    <qti-inline-choice identifier="Y">
      York
    </qti-inline-choice>
  </qti-inline-choice-interaction>
  <h2>
    qti-graphic-order-interaction
  </h2>
  <qti-graphic-order-interaction max-choices="0"
                                 response-identifier="RESPONSE1"
  >
    <img src="qti-graphic-order-interaction/uk.png"
         height="280"
         width="206"
    >
    <qti-hotspot-choice coords="78,102,8"
                        identifier="A"
                        shape="circle"
                        role="checkbox"
                        tabindex="0"
                        aria-disabled="false"
                        aria-readonly="false"
                        aria-checked="false"
                        style="left: 33.9806%; top: 32.5451%; height: 15.534px; width: 15.534px; border-radius: 9999px;"
    >
    </qti-hotspot-choice>
    <qti-hotspot-choice coords="117,171,8"
                        identifier="B"
                        shape="circle"
                        role="checkbox"
                        tabindex="0"
                        aria-disabled="false"
                        aria-readonly="false"
                        aria-checked="false"
                        style="left: 52.9126%; top: 57.1879%; height: 15.534px; width: 15.534px; border-radius: 9999px;"
    >
    </qti-hotspot-choice>
    <qti-hotspot-choice coords="166,227,8"
                        identifier="C"
                        shape="circle"
                        role="checkbox"
                        tabindex="0"
                        aria-disabled="false"
                        aria-readonly="false"
                        aria-checked="false"
                        style="left: 76.699%; top: 77.1879%; height: 15.534px; width: 15.534px; border-radius: 9999px;"
    >
    </qti-hotspot-choice>
    <qti-hotspot-choice coords="100,102,8"
                        identifier="D"
                        shape="circle"
                        role="checkbox"
                        tabindex="0"
                        aria-disabled="false"
                        aria-readonly="false"
                        aria-checked="false"
                        style="left: 44.6602%; top: 32.5451%; height: 15.534px; width: 15.534px; border-radius: 9999px;"
    >
    </qti-hotspot-choice>
  </qti-graphic-order-interaction>
  <h2>
    qti-graphic-associate-interaction
  </h2>
  <qti-graphic-associate-interaction response-identifier="RESPONSE"
                                     max-associations="3"
  >
    <qti-prompt slot="prompt">
      Mark the airline's new routes on the airport map:
    </qti-prompt>
    <img src="qti-graphic-associate-interaction/uk.png"
         alt="Map of United Kingdom airports"
         width="206"
         height="280"
    >
    <qti-associable-hotspot shape="circle"
                            coords="78,102,8"
                            identifier="A"
                            match-max="3"
                            style="left: 78px; top: 102px; height: 15.534px; width: 15.534px; border-radius: 9999px;"
    >
    </qti-associable-hotspot>
    <qti-associable-hotspot shape="circle"
                            coords="117,171,8"
                            identifier="B"
                            match-max="3"
                            style="left: 117px; top: 171px; height: 15.534px; width: 15.534px; border-radius: 9999px;"
    >
    </qti-associable-hotspot>
    <qti-associable-hotspot shape="circle"
                            coords="166,227,8"
                            identifier="C"
                            match-max="3"
                            style="left: 166px; top: 227px; height: 15.534px; width: 15.534px; border-radius: 9999px;"
    >
    </qti-associable-hotspot>
    <qti-associable-hotspot shape="circle"
                            coords="100,102,8"
                            identifier="D"
                            match-max="3"
                            style="left: 100px; top: 102px; height: 15.534px; width: 15.534px; border-radius: 9999px;"
    >
    </qti-associable-hotspot>
  </qti-graphic-associate-interaction>
  <h2>
    qti-media-interaction
  </h2>
  <qti-media-interaction autostart="false"
                         response-identifier="RESPONSE"
                         loop
                         min-plays
                         max-plays
  >
    <qti-prompt slot="prompt">
      Play this video.
    </qti-prompt>
    <video width="320"
           height="240"
           controls
    >
      <source src="qti-media-interaction/earth.mp4"
              type="video/mp4"
      >
      Your browser does not support the video tag
    </video>
  </qti-media-interaction>
  <h2>
    qti-position-object-interaction
  </h2>
  <qti-position-object-stage>
    <img src="https://qti-convert.web.app/images/uk.png"
         width="206"
         height="280"
    >
    <qti-position-object-interaction response-identifier="RESPONSE"
                                     max-choices="3"
    >
      <img src="https://qti-convert.web.app/images/airport.png"
           alt="Drop Zone"
      >
    </qti-position-object-interaction>
  </qti-position-object-stage>
  <h2>
    qti-select-point-interaction
  </h2>
  <qti-select-point-interaction max-choices="1"
                                response-identifier="RESPONSE1"
  >
    <qti-prompt slot="prompt">
      Mark Edinburgh on this map of the United Kingdom.
    </qti-prompt>
    <img src="qti-select-point-interaction/uk.png"
         height="280"
         width="206"
    >
  </qti-select-point-interaction>
  <h2>
    qti-slider-interaction
  </h2>
  <qti-slider-interaction response-identifier="RESPONSE"
                          lower-bound="0"
                          upper-bound="10"
                          tabindex="0"
                          role="slider"
                          aria-valuenow="0"
                          style="--min: 0; --max: 10; --step: 1; --value-percentage: 0%;"
  >
    <qti-prompt slot="prompt">
      In total, what percentage of the UK population do you think were eventually classified as having no religion?
    </qti-prompt>
  </qti-slider-interaction>
</div>
`;
